// Jest Snapshot v1, https://goo.gl/fbAQLP

exports[`OrderForm component Snapshot is correct 1`] = `
<RCTScrollView
  automaticallyAdjustKeyboardInsets={true}
  style={
    {
      "margin": 0,
      "padding": 0,
    }
  }
>
  <View>
    <View>
      <Text
        style={
          [
            {
              "color": "black",
              "fontFamily": "System",
              "fontSize": 16,
              "fontWeight": "400",
            },
            {
              "color": "black",
            },
            {
              "fontSize": 16,
            },
            {
              "fontWeight": "700",
            },
            undefined,
            undefined,
          ]
        }
      >
        Table
      </Text>
      <View
        style={
          {
            "marginVertical": 10,
          }
        }
      >
        <View
          accessibilityState={
            {
              "busy": undefined,
              "checked": undefined,
              "disabled": undefined,
              "expanded": undefined,
              "selected": undefined,
            }
          }
          accessibilityValue={
            {
              "max": undefined,
              "min": undefined,
              "now": undefined,
              "text": undefined,
            }
          }
          accessible={true}
          collapsable={false}
          focusable={true}
          onClick={[Function]}
          onResponderGrant={[Function]}
          onResponderMove={[Function]}
          onResponderRelease={[Function]}
          onResponderTerminate={[Function]}
          onResponderTerminationRequest={[Function]}
          onStartShouldSetResponder={[Function]}
          style={
            {
              "opacity": 1,
            }
          }
        >
          <View
            style={
              {
                "alignItems": "center",
                "flexDirection": "row",
              }
            }
          >
            <View
              style={
                {
                  "borderColor": "#CCC",
                  "borderRadius": 50,
                  "borderWidth": 2,
                  "fontSize": 16,
                  "height": 15,
                  "marginVertical": 7,
                  "padding": 2,
                  "width": 15,
                }
              }
            >
              <View
                style={
                  {
                    "backgroundColor": "rgba(0,0,0,0)",
                    "borderRadius": 50,
                    "height": "100%",
                    "width": "100%",
                  }
                }
              />
            </View>
            <Text
              style={
                {
                  "marginLeft": 3,
                }
              }
            >
              Table 1
            </Text>
          </View>
        </View>
        <View
          accessibilityState={
            {
              "busy": undefined,
              "checked": undefined,
              "disabled": undefined,
              "expanded": undefined,
              "selected": undefined,
            }
          }
          accessibilityValue={
            {
              "max": undefined,
              "min": undefined,
              "now": undefined,
              "text": undefined,
            }
          }
          accessible={true}
          collapsable={false}
          focusable={true}
          onClick={[Function]}
          onResponderGrant={[Function]}
          onResponderMove={[Function]}
          onResponderRelease={[Function]}
          onResponderTerminate={[Function]}
          onResponderTerminationRequest={[Function]}
          onStartShouldSetResponder={[Function]}
          style={
            {
              "opacity": 1,
            }
          }
        >
          <View
            style={
              {
                "alignItems": "center",
                "flexDirection": "row",
              }
            }
          >
            <View
              style={
                {
                  "borderColor": "#CCC",
                  "borderRadius": 50,
                  "borderWidth": 2,
                  "fontSize": 16,
                  "height": 15,
                  "marginVertical": 7,
                  "padding": 2,
                  "width": 15,
                }
              }
            >
              <View
                style={
                  {
                    "backgroundColor": "rgba(0,0,0,0)",
                    "borderRadius": 50,
                    "height": "100%",
                    "width": "100%",
                  }
                }
              />
            </View>
            <Text
              style={
                {
                  "marginLeft": 3,
                }
              }
            >
              Table 2
            </Text>
          </View>
        </View>
      </View>
      <View
        style={
          [
            {
              "borderBottomColor": "#bbbbbbbb",
              "borderBottomWidth": 2,
              "borderTopColor": "#bbbbbbbb",
              "borderTopWidth": 0,
              "marginHorizontal": -20,
              "marginVertical": 10,
            },
            undefined,
          ]
        }
      />
      <Text
        style={
          [
            {
              "color": "black",
              "fontFamily": "System",
              "fontSize": 16,
              "fontWeight": "400",
            },
            {
              "color": "black",
            },
            {
              "fontSize": 16,
            },
            {
              "fontWeight": "700",
            },
            undefined,
            undefined,
          ]
        }
      >
        Table's Name
      </Text>
      <TextInput
        onChangeText={[Function]}
        placeholder="Table's Name"
        style={{}}
        value=""
      />
      <View
        style={
          [
            {
              "borderBottomColor": "#bbbbbbbb",
              "borderBottomWidth": 2,
              "borderTopColor": "#bbbbbbbb",
              "borderTopWidth": 0,
              "marginHorizontal": -20,
              "marginVertical": 10,
            },
            undefined,
          ]
        }
      />
      <View
        accessibilityState={
          {
            "busy": undefined,
            "checked": undefined,
            "disabled": undefined,
            "expanded": undefined,
            "selected": undefined,
          }
        }
        accessibilityValue={
          {
            "max": undefined,
            "min": undefined,
            "now": undefined,
            "text": undefined,
          }
        }
        accessible={true}
        animatedStyle={
          {
            "value": {},
          }
        }
        collapsable={false}
        focusable={true}
        onBlur={[Function]}
        onClick={[Function]}
        onFocus={[Function]}
        onResponderGrant={[Function]}
        onResponderMove={[Function]}
        onResponderRelease={[Function]}
        onResponderTerminate={[Function]}
        onResponderTerminationRequest={[Function]}
        onStartShouldSetResponder={[Function]}
        style={
          {
            "alignItems": "center",
            "backgroundColor": "#96744E",
            "opacity": 1,
            "paddingHorizontal": 20,
            "paddingVertical": 10,
          }
        }
        testID="orderFormButton"
      >
        <View
          style={
            {
              "display": "flex",
              "flexDirection": "row",
            }
          }
        >
          <Text
            style={
              {
                "color": "white",
                "fontSize": 16,
              }
            }
          >
            Submit
          </Text>
        </View>
      </View>
    </View>
  </View>
</RCTScrollView>
`;
